Name        Xanatha~
Lvl         9
END
Name        Zera~
Lvl         7
END
Name        Nos~
Lvl         5
END
Name        Kiriel~
Lvl         4
END
Name        Challer~
Lvl         10
END
Name        Zylen~
Lvl         16
END
Name        Delicose~
Lvl         14
END
Name        Shrander~
Lvl         4
END
Name        Xaviar~
Lvl         109
Clan        Shadows~
END
Name        Xion~
Lvl         2
END
Name        Flith~
Lvl         21
END
Name        Kaziganthi~
Lvl         8
END
Name        Knisus~
Lvl         34
END
Name        Isaac~
Lvl         113
END
Name        Lodi~
Lvl         6
END
Name        Aritim~
Lvl         6
END
Name        Kalibus~
Lvl         4
END
Name        Zaimor~
Lvl         7
END
Name        Akasha~
Lvl         113
Clan        Shadows~
CRank       113
END
Name        Beowolf~
Lvl         113
END
Name        Hunter~
Lvl         112
END
Name        Tila~
Lvl         10
END
Name        Sorin~
Lvl         4
END
Name        Kardon~
Lvl         2
END
Name        Elros~
Lvl         32
END
Name        Niloc~
Lvl         5
END
Name        Nal~
Lvl         12
END
Name        Jubelo~
Lvl         2
END
Name        Kengus~
Lvl         2
END
Name        Fadrake~
Lvl         7
END
Name        Jereth~
Lvl         106
END
Name        Kiaru~
Lvl         4
END
Name        Thao~
Lvl         7
END
Name        Kuraka~
Lvl         4
END
Name        Dray~
Lvl         17
END
Name        Heth~
Lvl         4
END
Name        Falanor~
Lvl         47
END
Name        Garnaralf~
Lvl         17
END
Name        Daeraloth~
Lvl         4
END
Name        Swen~
Lvl         5
END
Name        Elrich~
Lvl         6
END
Name        Crand~
Lvl         6
END
Name        Jayss~
Lvl         2
END
Name        Vieth~
Lvl         2
END
Name        Rathke~
Lvl         6
END
Name        Nephillim~
Lvl         10
END
Name        Wulfen~
Lvl         22
END
Name        Daerin~
Lvl         13
END
Name        Chaden~
Lvl         2
END
Name        Wyglif~
Lvl         7
END
#END
